#blah
accel_sensor
/modules/sensordrivers/mts310/accel
malloc_test
/kernel/malloc
2
#generic_kernel_test:
accel_sensor
/modules/unit_test/modules/sensordrivers/mts310/accel
malloc_test
/kernel/malloc2
2
#generic_kernel_test:
sender_test
/modules/unit_test/kernel/sys_post/release/sender
reciever_test
/kernel/sys_post/release/reciever
2
#generic_kernel_test:
sender_test
/modules/unit_test/kernel/sys_post/reliable/sender
reciever_test
/kernel/sys_post/reliable/reciever
3
#generic_kernel_test:
sender_test
/modules/unit_test/kernel/sys_post/reliable/sender
reciever_test
/kernel/sys_post/reliable/reciever
3
#generic_kernel_test:
sender_test
/modules/unit_test/kernel/sys_post/high_priority/sender
reciever_test
/kernel/sys_post/high_priority/reciever
3
#generic_kernel_test:
sender_test
/modules/unit_test/kernel/sys_post/value/sender
receiever_test
/kernel/sys_post/value/reciever
3
#generic_kernel_test:
free_reciever_test
/modules/unit_test/kernel/free/owner_test/reciever
free_sender_test
/kernel/free/owner_test/sender
3
